C51 COMPILER V9.60.7.0   MAIN                                                              06/23/2024 13:29:33 PAGE 1   


C51 COMPILER V9.60.7.0, COMPILATION OF MODULE MAIN
OBJECT MODULE PLACED IN .\Objects\main.obj
COMPILER INVOKED BY: C:\Keil_v5\C51\BIN\C51.EXE User\main.c OPTIMIZE(8,SPEED) BROWSE INCDIR(.\Public;.\App) DEBUG OBJECT
                    -EXTEND PRINT(.\Listings\main.lst) OBJECT(.\Objects\main.obj)

line level    source

   1          #include "smg.h"
   2          #include "public.h"
   3          #include "beep.h"
   4          //#include "time.h"
   5          
   6          static key_value = 0;                   //保存按键按下的次数
   7          u8 times[2] = {0,0};        //用于存储时间的值
   8          
   9          void time_0_set(){                      //定时器0设置
  10   1          EA = 1;
  11   1          ET0 = 1;
  12   1          TMOD |= 0x01;
  13   1          TH0 = 0xFC;
  14   1          TL0 = 0x66;
  15   1      }
  16          
  17          void init_set(){                        //外部中断0设置
  18   1          EX0 = 1;
  19   1          EX1 = 1;
  20   1          IT0 = 1;
  21   1          IT1 = 1;
  22   1      }
  23          
  24          void main(){
  25   1          time_0_set();
  26   1              init_set();
  27   1          while(1){
  28   2              smg(times);
  29   2          }
  30   1      }
  31          
  32          void key() interrupt 0{
  33   1          delay_10us(1000);
  34   1              beep(200);
  35   1          if(P3^2 == 0){
  36   2              if(key_value == 0){
  37   3                  TF0 = 0;
  38   3                  TR0 = 1;
  39   3                  key_value++;
  40   3                  IE0 = 0;
  41   3              }
  42   2              else if (key_value == 1)
  43   2              {
  44   3                  TF0 = 0;
  45   3                  TR0 = 0;
  46   3                  key_value++;
  47   3                  IE0 = 0;
  48   3              }
  49   2              else if(key_value == 2){
  50   3                  u8 j;
  51   3                  for(j=0;j<2;j++){
  52   4                      times[j] = 0;
  53   4                      TF0 = 0;
  54   4                  }
C51 COMPILER V9.60.7.0   MAIN                                                              06/23/2024 13:29:33 PAGE 2   

  55   3                  key_value = 0;
  56   3                  IE0 = 0;
  57   3              }
  58   2          }
  59   1      }
  60          
  61          void time() interrupt 1{
  62   1          static u16 i = 0;   
  63   1          TH0 = 0xFC;
  64   1          TL0 = 0x66;
  65   1          i++;
  66   1          if(i == 100){
  67   2              times[1]++;
  68   2              if(times[1] == 10){
  69   3                  times[0]++;
  70   3                  times[1] = 0;
  71   3                  if(times[0] == 10){
  72   4                      times[0] = 0;
  73   4                  }
  74   3              }
  75   2              i = 0;
  76   2          }
  77   1          TF0 = 0;
  78   1          TR0 = 1;
  79   1      }


MODULE INFORMATION:   STATIC OVERLAYABLE
   CODE SIZE        =    251    ----
   CONSTANT SIZE    =   ----    ----
   XDATA SIZE       =   ----    ----
   PDATA SIZE       =   ----    ----
   DATA SIZE        =      6       1
   IDATA SIZE       =   ----    ----
   BIT SIZE         =   ----    ----
END OF MODULE INFORMATION.


C51 COMPILATION COMPLETE.  0 WARNING(S),  0 ERROR(S)
