BL51 BANKED LINKER/LOCATER V6.22.4.0                                                    06/26/2024  22:32:27  PAGE 1


BL51 BANKED LINKER/LOCATER V6.22.4.0, INVOKED BY:
C:\KEIL_V5\C51\BIN\BL51.EXE .\Objects\test.obj TO .\Objects\test PRINT (.\Listings\test.m51) RAMSIZE (256)


MEMORY MODEL: SMALL


INPUT MODULES INCLUDED:
  .\Objects\test.obj (TEST)
  C:\KEIL_V5\C51\LIB\C51S.LIB (?C_STARTUP)
  C:\KEIL_V5\C51\LIB\C51S.LIB (?C_INIT)


LINK MAP OF MODULE:  .\Objects\test (TEST)


            TYPE    BASE      LENGTH    RELOCATION   SEGMENT NAME
            -----------------------------------------------------

            * * * * * * *   D A T A   M E M O R Y   * * * * * * *
            REG     0000H     0008H     ABSOLUTE     "REG BANK 0"
            DATA    0008H     0001H     UNIT         ?DT?TEST
            IDATA   0009H     0001H     UNIT         ?STACK

            * * * * * * *   C O D E   M E M O R Y   * * * * * * *
            CODE    0000H     0003H     ABSOLUTE     
            CODE    0003H     008CH     UNIT         ?C_C51STARTUP
            CODE    008FH     0019H     UNIT         ?PR?MAIN?TEST
            CODE    00A8H     000BH     UNIT         ?PR?_DELAY?TEST
            CODE    00B3H     0004H     UNIT         ?C_INITSEG



OVERLAY MAP OF MODULE:   .\Objects\test (TEST)


SEGMENT
  +--> CALLED SEGMENT
---------------------
?C_C51STARTUP
  +--> ?PR?MAIN?TEST
  +--> ?C_INITSEG

?PR?MAIN?TEST
  +--> ?PR?_DELAY?TEST



SYMBOL TABLE OF MODULE:  .\Objects\test (TEST)

  VALUE           TYPE          NAME
  ----------------------------------

  -------         MODULE        TEST
  C:0000H         SYMBOL        _ICE_DUMMY_
  D:0090H         PUBLIC        P1
  D:00A0H         PUBLIC        P2
  D:00B0H         PUBLIC        P3
BL51 BANKED LINKER/LOCATER V6.22.4.0                                                  06/26/2024  22:32:27  PAGE 2


  D:00A8H         PUBLIC        IE
  C:00A8H         PUBLIC        _delay
  D:00B8H         PUBLIC        IP
  C:008FH         PUBLIC        main
  D:0098H         PUBLIC        SCON
  D:0088H         PUBLIC        TCON
  D:00C8H         PUBLIC        T2CON
  D:0008H         PUBLIC        i
  D:00D0H         PUBLIC        PSW
  -------         PROC          _DELAY
  D:0006H         SYMBOL        i
  C:00A8H         LINE#         8
  C:00A8H         LINE#         9
  C:00B2H         LINE#         10
  -------         ENDPROC       _DELAY
  -------         PROC          MAIN
  C:008FH         LINE#         14
  C:008FH         LINE#         15
  C:0092H         LINE#         16
  C:0092H         LINE#         17
  C:009FH         LINE#         18
  C:00A6H         LINE#         19
  -------         ENDPROC       MAIN
  -------         ENDMOD        TEST

Program Size: data=10.0 xdata=0 code=183
LINK/LOCATE RUN COMPLETE.  0 WARNING(S),  0 ERROR(S)
