C51 COMPILER V9.60.7.0   TIME                                                              06/25/2024 21:28:38 PAGE 1   


C51 COMPILER V9.60.7.0, COMPILATION OF MODULE TIME
OBJECT MODULE PLACED IN .\Objects\time.obj
COMPILER INVOKED BY: C:\Keil_v5\C51\BIN\C51.EXE App\time.c OPTIMIZE(8,SPEED) BROWSE INCDIR(.\Public;.\App) DEBUG OBJECTE
                    -XTEND PRINT(.\Listings\time.lst) OBJECT(.\Objects\time.obj)

line level    source

   1          #include "time.h"
   2          #include "key.h"
   3          #include "smg.h"
   4          
   5          u8 times[8] = {0,0,0,0,0,0,0,0};               //用于存储时间的值
   6          
   7          void time_change_mode0(){                      //时间进位
   8   1          u8 i;
   9   1          times[7]++;
  10   1          for(i=7;i>0;i--){
  11   2              if(i==2 || i==4 ){
  12   3                  if(times[i] == 6){
  13   4                      times[i-1]++;
  14   4                      times[i] = 0;
  15   4                  }
  16   3              }
  17   2              else{
  18   3                  if(times[i] == 10){
  19   4                      times[i-1]++;
  20   4                      times[i] = 0;
  21   4                  }
  22   3              }
  23   2          }
  24   1      }
  25          
  26          void time_change_mode1(u8 i) reentrant{
  27   1          if(times[i] == 0){
  28   2              time_change_mode1(i-1);
  29   2              if(i==2 || i==4){
  30   3                  times[i] = 5;
  31   3              }
  32   2              else times[i] = 9;
  33   2          }
  34   1          else{
  35   2              times[i]--;
  36   2          }
  37   1      }


MODULE INFORMATION:   STATIC OVERLAYABLE
   CODE SIZE        =    105    ----
   CONSTANT SIZE    =   ----    ----
   XDATA SIZE       =   ----    ----
   PDATA SIZE       =   ----    ----
   DATA SIZE        =      8    ----
   IDATA SIZE       =   ----    ----
   BIT SIZE         =   ----    ----
END OF MODULE INFORMATION.


C51 COMPILATION COMPLETE.  0 WARNING(S),  0 ERROR(S)
